TRUE
FuzzyCLIPS> (clear)
FuzzyCLIPS> (progn (release-mem) TRUE)
TRUE
FuzzyCLIPS> (mem-used)
52109 ;; Reference mem-used number
FuzzyCLIPS> (load-facts bigbug.fct)
1
FuzzyCLIPS> (clear)
FuzzyCLIPS> (progn (release-mem) TRUE)
TRUE
FuzzyCLIPS> (mem-used)
52109 ;; Should be the same as above
FuzzyCLIPS> (load bigbug.clp)
:
TRUE
FuzzyCLIPS> (reset)
FuzzyCLIPS> (clear)
FuzzyCLIPS> (progn (release-mem) TRUE)
TRUE
FuzzyCLIPS> (mem-used)
52109 ;; Should be the same as above
FuzzyCLIPS> (dribble-off)
