TRUE
FuzzyCLIPS> (batch "cnstrsn.bat")
TRUE
FuzzyCLIPS> (list-defrules)
foo
bar
woz
For a total of 3 defrules.
FuzzyCLIPS> (get-defrule-list)
(foo bar woz)
FuzzyCLIPS> (list-deffacts)
foo
bar
woz
For a total of 3 deffacts.
FuzzyCLIPS> (get-deffacts-list)
(foo bar woz)
FuzzyCLIPS> (list-deftemplates)
foo
bar
woz
For a total of 3 deftemplates.
FuzzyCLIPS> (get-deftemplate-list)
(foo bar woz)
FuzzyCLIPS> (list-defglobals)
foo
bar
woz
For a total of 3 defglobals.
FuzzyCLIPS> (get-defglobal-list)
(foo bar woz)
FuzzyCLIPS> (list-deffunctions)
foo
bar
woz
For a total of 3 deffunctions.
FuzzyCLIPS> (get-deffunction-list)
(foo bar woz)
FuzzyCLIPS> (list-defgenerics)
zow
oof
rab
ziggle
For a total of 4 defgenerics.
FuzzyCLIPS> (get-defgeneric-list)
(zow oof rab ziggle)
FuzzyCLIPS> (list-defmethods)

oof #51 
oof #50 (INTEGER SYMBOL) (<qry>) $?

rab #1  

ziggle #1  
For a total of 4 methods.
FuzzyCLIPS> (get-defmethod-list)
(oof 51 oof 50 rab 1 ziggle 1)
FuzzyCLIPS> (list-defmethods (nth$ 1 (get-defmethod-list)))
oof #51 
oof #50 (INTEGER SYMBOL) (<qry>) $?
For a total of 2 methods.
FuzzyCLIPS> (get-defmethod-list (nth$ 1 (get-defmethod-list)))
(oof 51 oof 50)
FuzzyCLIPS> (get-method-restrictions oof 50)
(2 -1 3 7 11 13 FALSE 2 INTEGER SYMBOL TRUE 0 FALSE 0)
FuzzyCLIPS> (get-method-restrictions rab 1)
(0 0 0)
FuzzyCLIPS> (list-defclasses)
FLOAT
INTEGER
SYMBOL
STRING
MULTIFIELD
EXTERNAL-ADDRESS
FACT-ADDRESS
INSTANCE-ADDRESS
INSTANCE-NAME
FUZZY-VALUE
OBJECT
PRIMITIVE
NUMBER
LEXEME
ADDRESS
INSTANCE
USER
foo
bar
woz
For a total of 20 defclasses.
FuzzyCLIPS> (get-defclass-list)
(FLOAT INTEGER SYMBOL STRING MULTIFIELD EXTERNAL-ADDRESS FACT-ADDRESS INSTANCE-ADDRESS INSTANCE-NAME FUZZY-VALUE OBJECT PRIMITIVE NUMBER LEXEME ADDRESS INSTANCE USER foo bar woz)
FuzzyCLIPS> (describe-class woz)
================================================================================
********************************************************************************
Abstract: direct instances of this class cannot be created.

Direct Superclasses: bar
Inheritance Precedence: woz bar foo USER OBJECT
Direct Subclasses:
--------------------------------------------------------------------------------
SLOTS : FLD DEF PRP ACC STO MCH SRC VIS CRT OVRD-MSG SOURCE(S)
x     : SGL STC INH RW  LCL RCT CMP PRV NIL put-x    foo bar
y     : SGL STC INH RW  LCL RCT EXC PRV NIL put-y    bar
z     : SGL STC INH RW  LCL RCT EXC PRV NIL put-z    woz

Constraint information for slots:

SLOTS : SYM STR INN INA EXA FTA INT FLT
x     :  +   +   +   +   +   +   +   +  RNG:[-oo..+oo] 
y     :  +   +   +   +   +   +   +   +  RNG:[-oo..+oo] 
z     :  +   +   +   +   +   +   +   +  RNG:[-oo..+oo] 
--------------------------------------------------------------------------------
Recognized message-handlers:
init primary in class USER
delete primary in class USER
create primary in class USER
print primary in class USER
direct-modify primary in class USER
message-modify primary in class USER
direct-duplicate primary in class USER
message-duplicate primary in class USER
foo primary in class foo
bar primary in class bar
woz primary in class woz
********************************************************************************
================================================================================
FuzzyCLIPS> (class-slots woz)
(z)
FuzzyCLIPS> (class-slots woz inherit)
(x y z)
FuzzyCLIPS> (class-abstractp woz)
TRUE
FuzzyCLIPS> (class-superclasses woz)
(bar)
FuzzyCLIPS> (class-superclasses woz inherit)
(bar foo USER OBJECT)
FuzzyCLIPS> (class-subclasses foo)
(bar)
FuzzyCLIPS> (class-subclasses foo inherit)
(bar woz)
FuzzyCLIPS> (slot-facets woz x)
(SGL STC INH RW LCL RCT CMP PRV NIL put-x)
FuzzyCLIPS> (slot-sources woz x)
(foo bar)
FuzzyCLIPS> (list-defmessage-handlers)
init primary in class USER
delete primary in class USER
create primary in class USER
print primary in class USER
direct-modify primary in class USER
message-modify primary in class USER
direct-duplicate primary in class USER
message-duplicate primary in class USER
foo primary in class foo
bar primary in class bar
woz primary in class woz
For a total of 11 message-handlers.
FuzzyCLIPS> (get-defmessage-handler-list)
(USER init primary USER delete primary USER create primary USER print primary USER direct-modify primary USER message-modify primary USER direct-duplicate primary USER message-duplicate primary foo foo primary bar bar primary woz woz primary)
FuzzyCLIPS> (list-defmessage-handlers woz)
woz primary in class woz
For a total of 1 message-handler.
FuzzyCLIPS> (get-defmessage-handler-list woz)
(woz woz primary)
FuzzyCLIPS> (list-defmessage-handlers woz inherit)
init primary in class USER
delete primary in class USER
create primary in class USER
print primary in class USER
direct-modify primary in class USER
message-modify primary in class USER
direct-duplicate primary in class USER
message-duplicate primary in class USER
foo primary in class foo
bar primary in class bar
woz primary in class woz
For a total of 11 message-handlers.
FuzzyCLIPS> (get-defmessage-handler-list woz inherit)
(USER init primary USER delete primary USER create primary USER print primary USER direct-modify primary USER message-modify primary USER direct-duplicate primary USER message-duplicate primary foo foo primary bar bar primary woz woz primary)
FuzzyCLIPS> (list-definstances)
foo
bar
woz
For a total of 3 definstances.
FuzzyCLIPS> (get-definstances-list)
(foo bar woz)
FuzzyCLIPS> (get-defrule-list abc)
[ARGACCES2] Function 'get-defrule-list' expected argument #1 to be of type 'defmodule name'.
()
FuzzyCLIPS> (get-defmessage-handler-list no-exist)
[CLASSFUN1] Unable to find class 'no-exist' in function 'get-defmessage-handler-list'.
()
FuzzyCLIPS> (get-defmethod-list no-exist)
[GENRCFUN3] Unable to find generic function 'no-exist' in function 'get-defmethod-list'.
()
FuzzyCLIPS> (get-defmessage-handler-list USER junk)

[PRNTUTIL2] Syntax Error:  Check appropriate syntax for get-defmessage-handler-list.
()
FuzzyCLIPS> (get-defmessage-handler-list USER inherit abc)
[ARGACCES1] Function 'get-defmessage-handler-list' expected no more than 2 arguments.
FuzzyCLIPS> (get-defmethod-list oof abc)
[ARGACCES1] Function 'get-defmethod-list' expected no more than 1 argument.
FuzzyCLIPS> (dribble-off)
