TRUE
FuzzyCLIPS> (batch "drtest06.bat")
TRUE
FuzzyCLIPS> (clear)                            ; DR0501
FuzzyCLIPS> (defmessage-handler USER foo ())   ; DR0501
FuzzyCLIPS> (clear)                            ; DR0501
FuzzyCLIPS> (list-defmessage-handlers)         ; DR0501 - None
init primary in class USER
delete primary in class USER
create primary in class USER
print primary in class USER
direct-modify primary in class USER
message-modify primary in class USER
direct-duplicate primary in class USER
message-duplicate primary in class USER
For a total of 8 message-handlers.
FuzzyCLIPS> (defclass a (is-a USER))           ; DR0501
FuzzyCLIPS> (defmessage-handler a foo ())      ; DR0501
FuzzyCLIPS> (defclass a (is-a USER))           ; DR0501
FuzzyCLIPS> (list-defmessage-handlers a)       ; DR0501 - Update 1/1/93
FuzzyCLIPS> (conserve-mem off)                 ; DR0501
FuzzyCLIPS> (defmessage-handler USER foo ())   ; DR0501
FuzzyCLIPS> (conserve-mem on)                  ; DR0501
FuzzyCLIPS> (defmessage-handler USER foo ())   ; DR0501
FuzzyCLIPS> (clear)                            ; DR0501
FuzzyCLIPS> (progn (release-mem) TRUE)         ; DR0501
TRUE
FuzzyCLIPS> (conserve-mem off)                 ; DR0501
FuzzyCLIPS> (clear)                            ; DR0502
FuzzyCLIPS> (defclass a (is-a USER))           ; DR0502
FuzzyCLIPS> (defmessage-handler a get-bar ())  ; DR0502
FuzzyCLIPS> (defclass a (is-a USER) (slot bar (create-accessor ?NONE))) ;; Update 1/1/93
FuzzyCLIPS> (list-defmessage-handlers a)       ; DR0502 - None
FuzzyCLIPS> (clear)                            ; DR0503
FuzzyCLIPS> (defglobal ?*global-list* = (create$ 1 2 3 4))
FuzzyCLIPS> (defrule foo                       ; DR0503
   (items $?list)
   (test (subsetp ?list ?*global-list*))
   =>
   (printout t "Success!" crlf))
FuzzyCLIPS> (assert (items 2 3))               ; DR0503
<Fact-1>
FuzzyCLIPS> (run)                              ; DR0503 - Success!
Success!
FuzzyCLIPS> (clear)                            ; DR0504
FuzzyCLIPS> (defrule blah =>)                  ; DR0504
FuzzyCLIPS> (deffacts a (x y) (z q))           ; DR0504
FuzzyCLIPS> (deftemplate foob (field x))       ; DR0504
FuzzyCLIPS> (defglobal ?*x* = 6)               ; DR0504
FuzzyCLIPS> (deffunction quox (?x) (* ?x 3))   ; DR0504
FuzzyCLIPS> (defclass hip (is-a USER))         ; DR0504
FuzzyCLIPS> (bsave "Temp//drtest06.bin")       ; DR0504
[CSTRNBIN1] WARNING: Constraints are not saved with a binary image
  when dynamic constraint checking is disabled.
  (except Fuzzy Value constraints are always saved)
TRUE
FuzzyCLIPS> (bload "Temp//drtest06.bin")       ; DR0504
TRUE
FuzzyCLIPS> (bload "Temp//drtest06.bin")       ; DR0504
TRUE
FuzzyCLIPS> (clear)                            ; DR0504
FuzzyCLIPS> (clear)                            ; DR0506
FuzzyCLIPS> (retract *)                        ; DR0506
FuzzyCLIPS> (clear)                            ; DR0508
FuzzyCLIPS> (deffacts list-fact                ; DR0508
   (list 12 "=" 3.0 i2))
FuzzyCLIPS> (defrule test-member               ; DR0508
   (list $?list)
   =>
   (printout t "position=" (member$ i2 ?list) crlf))
FuzzyCLIPS> (reset)                            ; DR0508
FuzzyCLIPS> (run)                              ; DR0508 - position=4
position=4
FuzzyCLIPS> (clear)                            ; DR0511
FuzzyCLIPS> (deftemplate calculate             ; DR0511
   (field operation
      (type SYMBOL) (default ?NONE)))
FuzzyCLIPS> (assert (calculate (operation +))) ; DR0511
<Fact-1>
FuzzyCLIPS> (modify 1 
   (calculate (operation op2)))    ; DR0511 - Error

[EXPRNPSR3] Missing function declaration for 'operation'.
FuzzyCLIPS> (duplicate 1 
   (calculate (operation word)))   ; DR0511 - Error

[EXPRNPSR3] Missing function declaration for 'operation'.
FuzzyCLIPS> (clear)                            ; DR0512
FuzzyCLIPS> (deftemplate calculate             ; DR0512
   (field operation
      (type SYMBOL) (default ?NONE)))
FuzzyCLIPS> (assert (calculate 
        (operation 4<56)))         ; DR0512 - Error

[TMPLTDEF2] The single field slot 'operation' can only contain a single field value.
FuzzyCLIPS> (assert (calculate (operation go)))
<Fact-1>
FuzzyCLIPS> (modify 1 (operation 467<789)))    ; DR0512 - Error

[TMPLTFUN1] Attempted to assert a multifield value into the single field slot 'operation' of deftemplate 'calculate'.
FALSE
FuzzyCLIPS> (duplicate 1 (operation 54<2345))) ; DR0512 - Error

[TMPLTFUN1] Attempted to assert a multifield value into the single field slot 'operation' of deftemplate 'calculate'.
FALSE
FuzzyCLIPS> (clear)                            ; DR0517
FuzzyCLIPS> (deftemplate r                     ; DR0517
   (field mine) (field yours))     ; DR0517
FuzzyCLIPS> (watch facts)                      ; DR0517
FuzzyCLIPS> (assert (r (mine "string")))       ; DR0517
==> f-1     (r (mine "string") (yours nil)) CF 1.00 
<Fact-1>
FuzzyCLIPS> (assert (r (yours this-is-a-word)))
==> f-2     (r (mine nil) (yours this-is-a-word)) CF 1.00 
<Fact-2>
FuzzyCLIPS> (modify 1 (mine "string"))         ; DR0517
<Fact-1>
FuzzyCLIPS> (modify 2 (yours wordie))          ; DR0517
<== f-2     (r ... (yours this-is-a-word)) CF 1.00 
==> f-2     (r ... (yours wordie)) CF 1.00 
<Fact-2>
FuzzyCLIPS> (modify 2 (yours is-mine))         ; DR0517
<== f-2     (r ... (yours wordie)) CF 1.00 
==> f-2     (r ... (yours is-mine)) CF 1.00 
<Fact-2>
FuzzyCLIPS> (unwatch facts)                    ; DR0517
FuzzyCLIPS> (clear)                            ; DR0519
FuzzyCLIPS> (deftemplate result                ; DR0519
   (field x
      (type NUMBER)
      (allowed-floats 5.0  6.0  7.0  8.8  9.0  8.0)
      (allowed-integers  1 2 3 4)
      (default ?NONE)))
FuzzyCLIPS> (assert (result (x 6)))            ; DR0519

[CSTRNCHK1] A literal slot value found in the 'assert' command does not match the allowed values for slot 'x'.
FuzzyCLIPS> (clear)                            ; DR0520
FuzzyCLIPS> (assert (a) (b) (c))               ; DR0520
<Fact-3>
FuzzyCLIPS> (facts)                            ; DR0520
f-1     (a) CF 1.00 
f-2     (b) CF 1.00 
f-3     (c) CF 1.00 
For a total of 3 facts.
FuzzyCLIPS> (facts 1 3 2)                      ; DR0520
f-1     (a) CF 1.00 
f-2     (b) CF 1.00 
For a total of 2 facts.
FuzzyCLIPS> (facts 3)                          ; DR0520
f-3     (c) CF 1.00 
For a total of 1 fact.
FuzzyCLIPS> (not FALSE)                        ; DR0521 - TRUE
TRUE
FuzzyCLIPS> (not "FALSE")                      ; DR0521 - FALSE
FALSE
FuzzyCLIPS> (clear)                            ; DR0522
FuzzyCLIPS> (deftemplate foo (field x))        ; DR0522
FuzzyCLIPS> (assert (foo (x (1 2))))           ; DR0522 - Error

[EXPRNPSR1] A function name must be a symbol.
FuzzyCLIPS> (facts)                            ; DR0522 - None
FuzzyCLIPS> (print-region 1 1)                 ; DR0524 - Error
[ARGACCES2] Function 'print-region' expected argument #1 to be of type symbol.
FuzzyCLIPS> (print-region 3 "foo.lis" ROOT SUBTOPIC)    
[ARGACCES2] Function 'print-region' expected argument #1 to be of type symbol.
FuzzyCLIPS> (print-region t 3 ROOT SUBTOPIC)   ; DR0524 - Error
[ARGACCES2] Function 'print-region' expected argument #2 to be of type symbol or string.
FuzzyCLIPS> (deffunction mftest ()             ; DR0525
   (bind ?result (create$))
   (bind ?i 140)
   (while (> ?i 0) do
      (bind ?result (create$ ?i ?result))
      (bind ?i (- ?i 1)))
   ?result)
FuzzyCLIPS> (mftest)                           ; DR0525
(1 2 3 4 5 6 7 8 9 10 11 12 13 14 15 16 17 18 19 20 21 22 23 24 25 26 27 28 29 30 31 32 33 34 35 36 37 38 39 40 41 42 43 44 45 46 47 48 49 50 51 52 53 54 55 56 57 58 59 60 61 62 63 64 65 66 67 68 69 70 71 72 73 74 75 76 77 78 79 80 81 82 83 84 85 86 87 88 89 90 91 92 93 94 95 96 97 98 99 100 101 102 103 104 105 106 107 108 109 110 111 112 113 114 115 116 117 118 119 120 121 122 123 124 125 126 127 128 129 130 131 132 133 134 135 136 137 138 139 140)
FuzzyCLIPS> (clear)                            ; DR0526
FuzzyCLIPS> (defrule dr0384                    ; DR0526
   =>
   (bind ?a (** 2 (- -11 (numberp 3))))
   (if (and (< ?a 0.000245)  (>=  ?a 0.000244))
       then (assert (DR0384 OK))))
[ARGACCES2] Function '-' expected argument #2 to be of type integer or float.

ERROR:
(defrule MAIN::dr0384
   =>
   (bind ?a (** 2 (- -11 (numberp 3))
FuzzyCLIPS> (seed (5))                         ; DR0527

[EXPRNPSR1] A function name must be a symbol.
FuzzyCLIPS> (sym-cat (explode$ "a s d g e f")) ; DR0528 - Error
[ARGACCES2] Function 'sym-cat' expected argument #1 to be of type integer, float, symbol, string, or instance name.
FuzzyCLIPS> (str-length                        ; DR0529 - Error
   (implode$ ((create$ 1 2 3 4)
			  (create$ 4 3 2 1))))

[EXPRNPSR1] A function name must be a symbol.
FuzzyCLIPS> (deg-grad 90)                      ; DR0532 - 100.0
100.0
FuzzyCLIPS> (* 3.6 15.0)                       ; DR0533 - 54.0
54.0
FuzzyCLIPS> (* 3.0 15.0)                       ; DR0533 - 45.0
45.0
FuzzyCLIPS> 898~898                            ; DR0536 - 898
898
FuzzyCLIPS> (format nil "%d" 12)               ; DR0539 - "12"
"12"
FuzzyCLIPS> (format nil "|%d|" 12)             ; DR0539 - "|12|"
"|12|"
FuzzyCLIPS> (clear)                            ; DR0540
FuzzyCLIPS> (defglobal ?*x* = ?*r*)            ; DR0540 - Error
[GLOBLDEF1] Global variable ?*r* is unbound.

ERROR:
(defglobal MAIN ?*x* = ?*r*
FuzzyCLIPS> (defglobal ?*w* = 4)               ; DR0540 - OK
FuzzyCLIPS> (clear)                            ; DR0541
FuzzyCLIPS> (defclass a (is-a OBJECT) (role abstract))
FuzzyCLIPS> (defclass b (is-a OBJECT) (role abstract))
FuzzyCLIPS> (defclass c (is-a a))              ; DR0541
FuzzyCLIPS> (defclass d (is-a b))              ; DR0541
FuzzyCLIPS> (defclass e (is-a c d))            ; DR0541
FuzzyCLIPS> (defclass f (is-a e b a))          ; DR0541
FuzzyCLIPS> (describe-class e)                 ; DR0541 - e c a d b OBJECT
================================================================================
********************************************************************************
Abstract: direct instances of this class cannot be created.

Direct Superclasses: c d
Inheritance Precedence: e c a d b OBJECT
Direct Subclasses: f
********************************************************************************
================================================================================
FuzzyCLIPS> (describe-class f)                 ; DR0541 - f e c d b a OBJECT
================================================================================
********************************************************************************
Abstract: direct instances of this class cannot be created.

Direct Superclasses: e b a
Inheritance Precedence: f e c d b a OBJECT
Direct Subclasses:
********************************************************************************
================================================================================
FuzzyCLIPS> (clear)                            ; DR0542
FuzzyCLIPS> (defclass a (is-a USER)            ; DR0542
   (slot x (default (+ 3 (eval "(gensym)")))))
[ARGACCES2] Function '+' expected argument #2 to be of type integer or float.

ERROR:
(defclass MAIN::a
   (is-a USER)
   (slot x
      (default (+ 3 (eval "(gensym)"))))
FuzzyCLIPS> (clear)                            ; DR0543
FuzzyCLIPS> (deffunction blah () (if a b))     ; DR0543 - Error

[PRNTUTIL2] Syntax Error:  Check appropriate syntax for if function.

ERROR:
(deffunction MAIN::blah
   ()
   (if a
      b
FuzzyCLIPS> (blah)                             ; DR0543 - Undefined

[EXPRNPSR3] Missing function declaration for 'blah'.
FuzzyCLIPS> (clear)                            ; DR0549
FuzzyCLIPS> (defclass A (is-a USER) (role concrete) (slot xy (create-accessor read-write)))
FuzzyCLIPS> (make-instance a of A 
   ((sym-cat x y) 34))             ; DR0549
[a]
FuzzyCLIPS> (send [a] print)                   ; DR0549
[a] of A
(xy 34)
FuzzyCLIPS> (clear)                            ; DR0551
FuzzyCLIPS> (set-strategy breadth)             ; DR0551
depth
FuzzyCLIPS> (defrule blah (declare (salience 10)) =>)
FuzzyCLIPS> (defrule flub (declare (salience -10)) =>)
FuzzyCLIPS> (reset)                            ; DR0551
FuzzyCLIPS> (agenda)                           ; DR0551 - blah, flub
10     blah: *
-10    flub: *
For a total of 2 activations.
FuzzyCLIPS> (set-strategy depth)               ; DR0551
breadth
FuzzyCLIPS> (clear)                            ; DR0552
FuzzyCLIPS> (defclass A (is-a USER) (role concrete)); DR0552
FuzzyCLIPS> (defclass B (is-a USER) (role concrete)); DR0552
FuzzyCLIPS> (make-instance a1 of A)            ; DR0552 - [a1]
[a1]
FuzzyCLIPS> (make-instance a2 of A)            ; DR0552 - [a2]
[a2]
FuzzyCLIPS> (make-instance b1 of B)            ; DR0552 - [b1]
[b1]
FuzzyCLIPS> (make-instance b2 of B)            ; DR0552 - [b2]
[b2]
FuzzyCLIPS> (do-for-all-instances ((?a A)) TRUE
   (do-for-all-instances ((?b B)) TRUE
     (printout t (instance-name ?a) " " 
                 (instance-name ?b) crlf))) ; [a1][b1], [a1][b2], [a2][b1], [a2][b2]
[a1] [b1]
[a1] [b2]
[a2] [b1]
[a2] [b2]
FuzzyCLIPS> (format nil "%d1234567890123456789012345678901234567890" 333) ; DR0559
"3331234567890123456789012345678901234567890"
FuzzyCLIPS> (clear)                            ; DR0561
FuzzyCLIPS> (deftemplate foo                   ; DR0561
   (field x (type EXTERNAL-ADDRESS)))
FuzzyCLIPS> (assert (foo))                     ; DR0561
<Fact-1>
FuzzyCLIPS> (facts)                            ; DR0561
f-1     (foo (x <Pointer-C-0x0>)) CF 1.00 ;; Any NULL pointer is OK
For a total of 1 fact.
FuzzyCLIPS> (clear)                            ; DR0562
FuzzyCLIPS> (deffunction foo ()                ; DR0562
   (+ ?a 1) (bind ?a 2))           ; DR0562
FuzzyCLIPS> (foo)                              ; DR0562 - Error
[PRCCODE5] Variable ?a unbound in deffunction 'foo'.
[ARGACCES2] Function '+' expected argument #1 to be of type integer or float.
[PRCCODE4] Execution halted during the actions of deffunction 'foo'.
FALSE
FuzzyCLIPS> (clear)                            ; DR0566
FuzzyCLIPS> (bind ?a 3)                        ; DR0566 - 3
3
FuzzyCLIPS> (bind ?b 4)                        ; DR0566 - 4
4
FuzzyCLIPS> (+ ?a 3)
6
FuzzyCLIPS> (+ ?a ?b)
7
FuzzyCLIPS> (reset)
FuzzyCLIPS> (+ ?a 3)                           ; DR0566 - Error
[EVALUATN1] Variable ?a is unbound.
[ARGACCES2] Function '+' expected argument #1 to be of type integer or float.
0
FuzzyCLIPS> (+ ?a ?b)                          ; DR0566 - Error
[EVALUATN1] Variable ?a is unbound.
[ARGACCES2] Function '+' expected argument #1 to be of type integer or float.
0
FuzzyCLIPS> (+ ?e 4)                           ; DR0566 - Error
[EVALUATN1] Variable ?e is unbound.
[ARGACCES2] Function '+' expected argument #1 to be of type integer or float.
0
FuzzyCLIPS> (clear)                            ; DR0567
FuzzyCLIPS> (deffunction foo (?a ?a))          ; DR0567 - Error
[PRCCODE7] Duplicate parameter names not allowed.

ERROR:
(deffunction MAIN::foo
   (?a ?a
FuzzyCLIPS> (format t "%s (Yes or No)" "Play Again?") ; DR0568
Play Again? (Yes or No)"Play Again? (Yes or No)"
FuzzyCLIPS> (clear)                            ; DR0569
FuzzyCLIPS> (defclass A (is-a USER)            ; DR0569
   (role concrete)
   (slot unassigned-parcels)
   (slot x-location (create-accessor read-write)))
FuzzyCLIPS> (make-instance a of A)             ; DR0569 - [a]
[a]
FuzzyCLIPS> (send [a] put-x-location 34)       ; DR0569 - TRUE
34
FuzzyCLIPS> (clear)                            ; DR0570
FuzzyCLIPS> (deffunction defgeneric ())        ; DR0570 - Error
[DFFNXPSR1] Deffunctions are not allowed to replace constructs.

ERROR:
(deffunction MAIN::defgeneric
   (
FuzzyCLIPS> (deffunction defclass ())          ; DR0570 - Error
[DFFNXPSR1] Deffunctions are not allowed to replace constructs.

ERROR:
(deffunction MAIN::defclass
   (
FuzzyCLIPS> (deffunction deftemplate ())       ; DR0570 - Error
[DFFNXPSR1] Deffunctions are not allowed to replace constructs.

ERROR:
(deffunction MAIN::deftemplate
   (
FuzzyCLIPS> (deffunction defmethod ())         ; DR0570 - Error
[DFFNXPSR1] Deffunctions are not allowed to replace constructs.

ERROR:
(deffunction MAIN::defmethod
   (
FuzzyCLIPS> (deffunction deffacts ())          ; DR0570 - Error
[DFFNXPSR1] Deffunctions are not allowed to replace constructs.

ERROR:
(deffunction MAIN::deffacts
   (
FuzzyCLIPS> (list-deffunctions)                ; DR0570 - None
FuzzyCLIPS> (clear)                            ; DR0571
FuzzyCLIPS> (defglobal ?*x* = 3)               ; DR0571
FuzzyCLIPS> (assert (a))                       ; DR0571
<Fact-1>
FuzzyCLIPS> (defrule foo ?f <- (a) => (bind ?*x* ?f))
FuzzyCLIPS> (run)                              ; DR0571
FuzzyCLIPS> (printout t ?*x* crlf)             ; DR0571
<Fact-1>
FuzzyCLIPS> ?*x*                               ; DR0571
<Fact-1>
FuzzyCLIPS> (clear)                            ; DR0573
FuzzyCLIPS> (defclass A (is-a USER))           ; DR0573
FuzzyCLIPS> (defclass B (is-a USER))           ; DR0573
FuzzyCLIPS> (defclass C (is-a A B) (role concrete)) ; DR0573
FuzzyCLIPS> (make-instance c of C)             ; DR0573 - [c]
[c]
FuzzyCLIPS> (instances)                        ; DR0573 - 1 instance
[c] of C
For a total of 1 instance.
FuzzyCLIPS> (instances MAIN B inherit)              ; DR0573 - 1 instance
[c] of C
For a total of 1 instance.
FuzzyCLIPS> (do-for-all-instances ((?u USER)) TRUE
    (printout t ?u crlf))          ; DR0573 - 1 instance
[c]
FuzzyCLIPS> (clear)                            ; DR0575
FuzzyCLIPS> (defrule try-or (or (a) (b)) =>)   ; DR0575
FuzzyCLIPS> (bsave "Temp//drtest06.bin")       ; DR0575
TRUE
FuzzyCLIPS> (clear)                            ; DR0575
FuzzyCLIPS> (bload "Temp//drtest06.bin")       ; DR0575
TRUE
FuzzyCLIPS> (clear)                            ; DR0575
FuzzyCLIPS> (clear)                            ; DR0576
FuzzyCLIPS> (deffunction bar () (eval "(+ 5 6)"))
FuzzyCLIPS> (deffunction foo () (eval "(+ 3 4 (bar))"))
FuzzyCLIPS> (foo)                              ; DR0576 - 18
18
FuzzyCLIPS> (bar)                              ; DR0576 - 11
11
FuzzyCLIPS> (clear)                            ; DR0577
FuzzyCLIPS> (defclass A (is-a USER) (slot foo (create-accessor read-write)))
FuzzyCLIPS> (defclass B (is-a A))              ; DR0577
FuzzyCLIPS> (defmessage-handler A put-foo ())  ; DR0577 - Error
[MSGPSR3] System message-handlers may not be modified.

ERROR:
(defmessage-handler MAIN::A put-foo
   (
FuzzyCLIPS> (defmessage-handler B get-foo ())  ; DR0577 - OK
FuzzyCLIPS> (defmessage-handler B put-foo ())  ; DR0577 - OK
FuzzyCLIPS> (clear)                            ; DR0584 - Behavior changed
FuzzyCLIPS> (defclass A (is-a USER)            ; DR0584
   (role concrete)
   (slot foo (create-accessor ?NONE) (access read-only) (default 5)))
FuzzyCLIPS> (defmessage-handler A put-foo primary (?value)
  (dynamic-put foo ?value))
FuzzyCLIPS> (make-instance a of A)             ; DR0584 - [a]
[a]
FuzzyCLIPS> (instances)                        ; DR0584
[a] of A
For a total of 1 instance.
FuzzyCLIPS> (save-instances "Temp//drtest06.tmp")    ; DR0584
1
FuzzyCLIPS> (unmake-instance a)                ; DR0584
TRUE
FuzzyCLIPS> (load-instances "Temp//drtest06.tmp")    ; DR0584
[MSGFUN3] Write access denied for slot 'foo' in instance [a] of class 'A'.
[PRCCODE4] Execution halted during the actions of message-handler 'put-foo' primary in class 'A'
[INSFILE1] Function 'load-instances' could not completely process file 'Temp//drtest06.tmp'.
0
FuzzyCLIPS> (instances)                        ; DR0584
FuzzyCLIPS> (restore-instances "Temp//drtest06.tmp") ; See CRS
1
FuzzyCLIPS> (instances)                        ; DR0584
[a] of A
For a total of 1 instance.
FuzzyCLIPS> (clear)                            ; DR0588
FuzzyCLIPS> (ppdefinstances Teams)             ; DR0588
[PRNTUTIL1] Unable to find definstances 'Teams'.
FuzzyCLIPS> (clear)                            ; DR0590
FuzzyCLIPS> (undefinstances *)                 ; DR0590
FuzzyCLIPS> (undefinstances Tom)               ; DR0590
[PRNTUTIL1] Unable to find definstances 'Tom'.
FuzzyCLIPS> (clear)                            ; DR0591
FuzzyCLIPS> (defrule two                       ; DR0591
   =>
  (clear)
  (printout t "Rule Fired" crlf))
FuzzyCLIPS> (reset)                            ; DR0591    
FuzzyCLIPS> (run)                              ; DR0591
[CONSTRCT1] Some constructs are still in use. Clear cannot continue.
Rule Fired
FuzzyCLIPS> (clear)                            ; DR0592
FuzzyCLIPS> (deftemplate color                 ; DR0592
   (field standard
      (type SYMBOL)
      (default white)
      (allowed-symbols red white blue)))
FuzzyCLIPS>  (defrule one                      ; DR0592 - Error
    ?f1 <- (color (standard ?))
    =>
    (modify ?f1 (standard none)))

[CSTRNCHK1] A literal slot value found in the 'modify' command does not match the allowed values for slot 'standard'.

ERROR:
(defrule MAIN::one
   ?f1 <- (color (standard ?))
   =>
   (modify ?f1 (standard none)))
FuzzyCLIPS> (progn (release-mem) TRUE)         ; DR0592
TRUE
FuzzyCLIPS> (clear)                            ; DR0594
FuzzyCLIPS> (defrule junk => (bsave "Temp//drtest06.bin"))     
FuzzyCLIPS> (reset)                            ; DR0594
FuzzyCLIPS> (run)                              ; DR0594
FuzzyCLIPS> (bload "Temp//drtest06.bin")       ; DR0594
TRUE
FuzzyCLIPS> (reset)                            ; DR0594
FuzzyCLIPS> (run)                              ; DR0594
[BSAVE1] Cannot perform a binary save while a binary load is in effect.
FuzzyCLIPS> (div 11.0 .5)                      ; DR0595
[PRNTUTIL7] Attempt to divide by zero in 'div' function.
1
FuzzyCLIPS> (clear)                            ; DR0600
FuzzyCLIPS> (defmethod blah 1 ())              ; DR0600
FuzzyCLIPS> (defmethod blah (?a))              ; DR0600
FuzzyCLIPS> (list-defmethods)                  ; DR0600
blah #2  ()
blah #1  
For a total of 2 methods.
FuzzyCLIPS> (dribble-off)
