TRUE
FuzzyCLIPS> (batch "predcfnx.bat")
TRUE
FuzzyCLIPS> (numberp)                          ; 10.2.1
[ARGACCES1] Function 'numberp' expected exactly 1 argument.
FuzzyCLIPS> (numberp 3 a)                      ; 10.2.1
[ARGACCES1] Function 'numberp' expected exactly 1 argument.
FuzzyCLIPS> (numberp 8)                        ; 10.2.1
TRUE
FuzzyCLIPS> (numberp 8.1)                      ; 10.2.1
TRUE
FuzzyCLIPS> (numberp "hit")                    ; 10.2.1
FALSE
FuzzyCLIPS> (floatp)                           ; 10.2.2
[ARGACCES1] Function 'floatp' expected exactly 1 argument.
FuzzyCLIPS> (floatp 3 a)                       ; 10.2.2
[ARGACCES1] Function 'floatp' expected exactly 1 argument.
FuzzyCLIPS> (floatp 8)                         ; 10.2.2
FALSE
FuzzyCLIPS> (floatp 8.1)                       ; 10.2.2
TRUE
FuzzyCLIPS> (floatp "hit")                     ; 10.2.2
FALSE
FuzzyCLIPS> (integerp)                         ; 10.2.3
[ARGACCES1] Function 'integerp' expected exactly 1 argument.
FuzzyCLIPS> (integerp 3 a)                     ; 10.2.3
[ARGACCES1] Function 'integerp' expected exactly 1 argument.
FuzzyCLIPS> (integerp 8)                       ; 10.2.3
TRUE
FuzzyCLIPS> (integerp 8.1)                     ; 10.2.3
FALSE
FuzzyCLIPS> (integerp "hit")                   ; 10.2.3
FALSE
FuzzyCLIPS> (lexemep)                          ; 10.2.4
[ARGACCES1] Function 'lexemep' expected exactly 1 argument.
FuzzyCLIPS> (lexemep a 3)                      ; 10.2.4
[ARGACCES1] Function 'lexemep' expected exactly 1 argument.
FuzzyCLIPS> (lexemep b)                        ; 10.2.4
TRUE
FuzzyCLIPS> (lexemep "a w")                    ; 10.2.4
TRUE
FuzzyCLIPS> (lexemep [this])                   ; 10.2.4
FALSE
FuzzyCLIPS> (stringp)                          ; 10.2.5
[ARGACCES1] Function 'stringp' expected exactly 1 argument.
FuzzyCLIPS> (stringp a 3)                      ; 10.2.5
[ARGACCES1] Function 'stringp' expected exactly 1 argument.
FuzzyCLIPS> (stringp b)                        ; 10.2.5
FALSE
FuzzyCLIPS> (stringp "a w")                    ; 10.2.5
TRUE
FuzzyCLIPS> (stringp [this])                   ; 10.2.5
FALSE
FuzzyCLIPS> (symbolp)                          ; 10.2.6
[ARGACCES1] Function 'symbolp' expected exactly 1 argument.
FuzzyCLIPS> (symbolp a 3)                      ; 10.2.6
[ARGACCES1] Function 'symbolp' expected exactly 1 argument.
FuzzyCLIPS> (symbolp b)                        ; 10.2.6
TRUE
FuzzyCLIPS> (symbolp "a w")                    ; 10.2.6
FALSE
FuzzyCLIPS> (symbolp [this])                   ; 10.2.6
FALSE
FuzzyCLIPS> (evenp)                            ; 10.2.7
[ARGACCES1] Function 'evenp' expected exactly 1 argument.
FuzzyCLIPS> (evenp 3 a)                        ; 10.2.7
[ARGACCES1] Function 'evenp' expected exactly 1 argument.
FuzzyCLIPS> (evenp 8)                          ; 10.2.7
TRUE
FuzzyCLIPS> (evenp 9)                          ; 10.2.7
FALSE
FuzzyCLIPS> (evenp "hit")                      ; 10.2.7
[ARGACCES2] Function 'evenp' expected argument #1 to be of type integer.
FuzzyCLIPS> (oddp)                             ; 10.2.8
[ARGACCES1] Function 'oddp' expected exactly 1 argument.
FuzzyCLIPS> (oddp 3 a)                         ; 10.2.8
[ARGACCES1] Function 'oddp' expected exactly 1 argument.
FuzzyCLIPS> (oddp 8)                           ; 10.2.8
FALSE
FuzzyCLIPS> (oddp 9)                           ; 10.2.8
TRUE
FuzzyCLIPS> (oddp "hit")                       ; 10.2.8
[ARGACCES2] Function 'oddp' expected argument #1 to be of type integer.
FuzzyCLIPS> (multifieldp)                      ; 10.2.9
[ARGACCES1] Function 'multifieldp' expected exactly 1 argument.
FuzzyCLIPS> (multifieldp (create$ x) a)        ; 10.2.9
[ARGACCES1] Function 'multifieldp' expected exactly 1 argument.
FuzzyCLIPS> (multifieldp (create$))            ; 10.2.9
TRUE
FuzzyCLIPS> (multifieldp (create$ a 3 4.1))    ; 10.2.9
TRUE
FuzzyCLIPS> (multifieldp "hit")                ; 10.2.9
FALSE
FuzzyCLIPS> (external-addressp)                ; 10.2.10
[ARGACCES1] Function 'external-addressp' expected exactly 1 argument.
FuzzyCLIPS> (external-addressp 3 a)            ; 10.2.10
[ARGACCES1] Function 'external-addressp' expected exactly 1 argument.
FuzzyCLIPS> (external-addressp 3)              ; 10.2.10
FALSE
FuzzyCLIPS> (external-addressp x)              ; 10.2.10
FALSE
FuzzyCLIPS> (eq)                               ; 10.2.11
[ARGACCES1] Function 'eq' expected at least 2 arguments.
FuzzyCLIPS> (eq a)                             ; 10.2.11
[ARGACCES1] Function 'eq' expected at least 2 arguments.
FuzzyCLIPS> (eq a a b)                         ; 10.2.11
FALSE
FuzzyCLIPS> (eq a a a)                         ; 10.2.11
TRUE
FuzzyCLIPS> (eq a a)                           ; 10.2.11
TRUE
FuzzyCLIPS> (eq a b)                           ; 10.2.11
FALSE
FuzzyCLIPS> (eq a "a")                         ; 10.2.11
FALSE
FuzzyCLIPS> (eq 3 3)                           ; 10.2.11
TRUE
FuzzyCLIPS> (eq 3 3.0)                         ; 10.2.11
FALSE
FuzzyCLIPS> (eq 3 3.1)                         ; 10.2.11
FALSE
FuzzyCLIPS> (eq a (create$ a))                 ; 10.2.11
FALSE
FuzzyCLIPS> (eq 3 (create$ a))                 ; 10.2.11
FALSE
FuzzyCLIPS> (eq a (create$ b))                 ; 10.2.11
FALSE
FuzzyCLIPS> (eq (create$ a b) (create$ c d))   ; 10.2.11
FALSE
FuzzyCLIPS> (eq (create$) (create$))           ; 10.2.11
TRUE
FuzzyCLIPS> (eq (create$ a) (create$ a))       ; 10.2.11
TRUE
FuzzyCLIPS> (eq (create$ a) (create$ b))       ; 10.2.11
FALSE
FuzzyCLIPS> (eq (create$ a b) (create$ a b))   ; 10.2.11
TRUE
FuzzyCLIPS> (eq (create$ a b) (create$ a))     ; 10.2.11
FALSE
FuzzyCLIPS> (neq)                              ; 10.2.12
[ARGACCES1] Function 'neq' expected at least 2 arguments.
FuzzyCLIPS> (neq a)                            ; 10.2.12
[ARGACCES1] Function 'neq' expected at least 2 arguments.
FuzzyCLIPS> (neq a a b)                        ; 10.2.12
FALSE
FuzzyCLIPS> (neq a b c)                        ; 10.2.12
TRUE
FuzzyCLIPS> (neq a a a)                        ; 10.2.12
FALSE
FuzzyCLIPS> (neq a a)                          ; 10.2.12
FALSE
FuzzyCLIPS> (neq a b)                          ; 10.2.12
TRUE
FuzzyCLIPS> (neq a "a")                        ; 10.2.12
TRUE
FuzzyCLIPS> (neq 3 3)                          ; 10.2.12
FALSE
FuzzyCLIPS> (neq 3 3.0)                        ; 10.2.12
TRUE
FuzzyCLIPS> (neq 3 3.1)                        ; 10.2.12
TRUE
FuzzyCLIPS> (neq a (create$ a))                ; 10.2.12
TRUE
FuzzyCLIPS> (neq 3 (create$ a))                ; 10.2.12
TRUE
FuzzyCLIPS> (neq a (create$ b))                ; 10.2.12
TRUE
FuzzyCLIPS> (neq (create$ a b) (create$ c d))  ; 10.2.12
TRUE
FuzzyCLIPS> (neq (create$) (create$))          ; 10.2.12
FALSE
FuzzyCLIPS> (neq (create$ a) (create$ a))      ; 10.2.12
FALSE
FuzzyCLIPS> (neq (create$ b) (create$ a))      ; 10.2.12
TRUE
FuzzyCLIPS> (neq (create$ a b) (create$ a b))  ; 10.2.12
FALSE
FuzzyCLIPS> (neq (create$ a b) (create$ a))    ; 10.2.12
TRUE
FuzzyCLIPS> (=)                                ; 10.2.13
[ARGACCES1] Function '=' expected at least 2 arguments.
FuzzyCLIPS> (= 3)                              ; 10.2.13
[ARGACCES1] Function '=' expected at least 2 arguments.
FuzzyCLIPS> (= 3 3)                            ; 10.2.13
TRUE
FuzzyCLIPS> (= 13.7 13.7)                      ; 10.2.13
TRUE
FuzzyCLIPS> (= 3 3.0)                          ; 10.2.13
TRUE
FuzzyCLIPS> (= 3 3.0 3)                        ; 10.2.13
TRUE
FuzzyCLIPS> (= 3 3.0 4)                        ; 10.2.13
FALSE
FuzzyCLIPS> (= 3.0 3 4)                        ; 10.2.13
FALSE
FuzzyCLIPS> (= 3 a)                            ; 10.2.13
[ARGACCES2] Function '=' expected argument #2 to be of type integer or float.
FuzzyCLIPS> (= 3 ?x)                           ; 10.2.13
[EVALUATN1] Variable ?x is unbound.
[ARGACCES2] Function '=' expected argument #2 to be of type integer or float.
FALSE
FuzzyCLIPS> (<>)                               ; 10.2.14
[ARGACCES1] Function '<>' expected at least 2 arguments.
FuzzyCLIPS> (<> 3)                             ; 10.2.14
[ARGACCES1] Function '<>' expected at least 2 arguments.
FuzzyCLIPS> (<> 3 3)                           ; 10.2.14
FALSE
FuzzyCLIPS> (<> 13.7 13.7)                     ; 10.2.14
FALSE
FuzzyCLIPS> (<> 3 3.0)                         ; 10.2.14
FALSE
FuzzyCLIPS> (<> 3 3.0 3)                       ; 10.2.14
FALSE
FuzzyCLIPS> (<> 3 3.0 4)                       ; 10.2.14
FALSE
FuzzyCLIPS> (<> 3 4.0 4)                       ; 10.2.14
TRUE
FuzzyCLIPS> (<> 3.0 3 4)                       ; 10.2.14
FALSE
FuzzyCLIPS> (<> 3 a)                           ; 10.2.14
[ARGACCES2] Function '<>' expected argument #2 to be of type integer or float.
FuzzyCLIPS> (<> 3 ?x)                          ; 10.2.14
[EVALUATN1] Variable ?x is unbound.
[ARGACCES2] Function '<>' expected argument #2 to be of type integer or float.
FALSE
FuzzyCLIPS> (>)                                ; 10.2.15
[ARGACCES1] Function '>' expected at least 2 arguments.
FuzzyCLIPS> (> 3)                              ; 10.2.15
[ARGACCES1] Function '>' expected at least 2 arguments.
FuzzyCLIPS> (> 3 3)                            ; 10.2.15
FALSE
FuzzyCLIPS> (> 3.3 3.3)                        ; 10.2.15
FALSE
FuzzyCLIPS> (> 3 3.0)                          ; 10.2.15
FALSE
FuzzyCLIPS> (> 3.0 3)                          ; 10.2.15
FALSE
FuzzyCLIPS> (> 4 3)                            ; 10.2.15
TRUE
FuzzyCLIPS> (> 3 4)                            ; 10.2.15
FALSE
FuzzyCLIPS> (> 4.1 3.3)                        ; 10.2.15
TRUE
FuzzyCLIPS> (> 3.3 4.1)                        ; 10.2.15
FALSE
FuzzyCLIPS> (> 3.1 3)                          ; 10.2.15
TRUE
FuzzyCLIPS> (> 4 3.1)                          ; 10.2.15
TRUE
FuzzyCLIPS> (> 3.4 4)                          ; 10.2.15
FALSE
FuzzyCLIPS> (> 3 4.1)                          ; 10.2.15
FALSE
FuzzyCLIPS> (> 3 4 5)                          ; 10.2.15
FALSE
FuzzyCLIPS> (> 3.0 5.3 4)                      ; 10.2.15
FALSE
FuzzyCLIPS> (> 4 3.0 5.3)                      ; 10.2.15
FALSE
FuzzyCLIPS> (> 4 3.2 2)                        ; 10.2.15
TRUE
FuzzyCLIPS> (> 4 4 3 3)                        ; 10.2.15
FALSE
FuzzyCLIPS> (> 4 4 5 5)                        ; 10.2.15
FALSE
FuzzyCLIPS> (>=)                               ; 10.2.16
[ARGACCES1] Function '>=' expected at least 2 arguments.
FuzzyCLIPS> (>= 3)                             ; 10.2.16
[ARGACCES1] Function '>=' expected at least 2 arguments.
FuzzyCLIPS> (>= 3 3)                           ; 10.2.16
TRUE
FuzzyCLIPS> (>= 3.3 3.3)                       ; 10.2.16
TRUE
FuzzyCLIPS> (>= 3 3.0)                         ; 10.2.16
TRUE
FuzzyCLIPS> (>= 3.0 3)                         ; 10.2.16
TRUE
FuzzyCLIPS> (>= 4 3)                           ; 10.2.16
TRUE
FuzzyCLIPS> (>= 3 4)                           ; 10.2.16
FALSE
FuzzyCLIPS> (>= 4.1 3.3)                       ; 10.2.16
TRUE
FuzzyCLIPS> (>= 3.3 4.1)                       ; 10.2.16
FALSE
FuzzyCLIPS> (>= 3.1 3)                         ; 10.2.16
TRUE
FuzzyCLIPS> (>= 4 3.1)                         ; 10.2.16
TRUE
FuzzyCLIPS> (>= 3.4 4)                         ; 10.2.16
FALSE
FuzzyCLIPS> (>= 3 4.1)                         ; 10.2.16
FALSE
FuzzyCLIPS> (>= 3 4 5)                         ; 10.2.16
FALSE
FuzzyCLIPS> (>= 3.0 5.3 4)                     ; 10.2.16
FALSE
FuzzyCLIPS> (>= 4 3.0 5.3)                     ; 10.2.16
FALSE
FuzzyCLIPS> (>= 4 3.2 2)                       ; 10.2.16
TRUE
FuzzyCLIPS> (>= 4 4 3 3)                       ; 10.2.16
TRUE
FuzzyCLIPS> (>= 4 4 5 5)                       ; 10.2.16
FALSE
FuzzyCLIPS> (<)                                ; 10.2.17
[ARGACCES1] Function '<' expected at least 2 arguments.
FuzzyCLIPS> (< 3)                              ; 10.2.17
[ARGACCES1] Function '<' expected at least 2 arguments.
FuzzyCLIPS> (< 3 3)                            ; 10.2.17
FALSE
FuzzyCLIPS> (< 3.3 3.3)                        ; 10.2.17
FALSE
FuzzyCLIPS> (< 3 3.0)                          ; 10.2.17
FALSE
FuzzyCLIPS> (< 3.0 3)                          ; 10.2.17
FALSE
FuzzyCLIPS> (< 4 3)                            ; 10.2.17
FALSE
FuzzyCLIPS> (< 3 4)                            ; 10.2.17
TRUE
FuzzyCLIPS> (< 4.1 3.3)                        ; 10.2.17
FALSE
FuzzyCLIPS> (< 3.3 4.1)                        ; 10.2.17
TRUE
FuzzyCLIPS> (< 3.1 3)                          ; 10.2.17
FALSE
FuzzyCLIPS> (< 4 3.1)                          ; 10.2.17
FALSE
FuzzyCLIPS> (< 3.4 4)                          ; 10.2.17
TRUE
FuzzyCLIPS> (< 3 4.1)                          ; 10.2.17
TRUE
FuzzyCLIPS> (< 3 4 5)                          ; 10.2.17
TRUE
FuzzyCLIPS> (< 3.0 5.3 4)                      ; 10.2.17
FALSE
FuzzyCLIPS> (< 4 3.0 5.3)                      ; 10.2.17
FALSE
FuzzyCLIPS> (< 4 3.2 2)                        ; 10.2.17
FALSE
FuzzyCLIPS> (< 4 4 3 3)                        ; 10.2.17
FALSE
FuzzyCLIPS> (< 4 4 5 5)                        ; 10.2.17
FALSE
FuzzyCLIPS> (<=)                               ; 10.2.18
[ARGACCES1] Function '<=' expected at least 2 arguments.
FuzzyCLIPS> (<= 3)                             ; 10.2.18
[ARGACCES1] Function '<=' expected at least 2 arguments.
FuzzyCLIPS> (<= 3 3)                           ; 10.2.18
TRUE
FuzzyCLIPS> (<= 3.3 3.3)                       ; 10.2.18
TRUE
FuzzyCLIPS> (<= 3 3.0)                         ; 10.2.18
TRUE
FuzzyCLIPS> (<= 3.0 3)                         ; 10.2.18
TRUE
FuzzyCLIPS> (<= 4 3)                           ; 10.2.18
FALSE
FuzzyCLIPS> (<= 3 4)                           ; 10.2.18
TRUE
FuzzyCLIPS> (<= 4.1 3.3)                       ; 10.2.18
FALSE
FuzzyCLIPS> (<= 3.3 4.1)                       ; 10.2.18
TRUE
FuzzyCLIPS> (<= 3.1 3)                         ; 10.2.18
FALSE
FuzzyCLIPS> (<= 4 3.1)                         ; 10.2.18
FALSE
FuzzyCLIPS> (<= 3.4 4)                         ; 10.2.18
TRUE
FuzzyCLIPS> (<= 3 4.1)                         ; 10.2.18
TRUE
FuzzyCLIPS> (<= 3 4 5)                         ; 10.2.18
TRUE
FuzzyCLIPS> (<= 3.0 5.3 4)                     ; 10.2.18
FALSE
FuzzyCLIPS> (<= 4 3.0 5.3)                     ; 10.2.18
FALSE
FuzzyCLIPS> (<= 4 3.2 2)                       ; 10.2.18
FALSE
FuzzyCLIPS> (<= 4 4 3 3)                       ; 10.2.18
FALSE
FuzzyCLIPS> (<= 4 4 5 5)                       ; 10.2.18
TRUE
FuzzyCLIPS> (and)                              ; 10.2.19
[ARGACCES1] Function 'and' expected at least 2 arguments.
FuzzyCLIPS> (and TRUE)                         ; 10.2.19        
[ARGACCES1] Function 'and' expected at least 2 arguments.
FuzzyCLIPS> (and TRUE 1)                       ; 10.2.19
TRUE
FuzzyCLIPS> (and TRUE FALSE)                   ; 10.2.19
FALSE
FuzzyCLIPS> (and FALSE 0)                      ; 10.2.19
FALSE
FuzzyCLIPS> (and 0 1 a)                        ; 10.2.19
TRUE
FuzzyCLIPS> (and "s" 3.4 FALSE)                ; 10.2.19
FALSE
FuzzyCLIPS> (and 0 1 TRUE a "a" [a] 3.5 (create$) (create$ a))
TRUE
FuzzyCLIPS> (or)                               ; 10.2.20
[ARGACCES1] Function 'or' expected at least 2 arguments.
FuzzyCLIPS> (or FALSE)                         ; 10.2.20
[ARGACCES1] Function 'or' expected at least 2 arguments.
FuzzyCLIPS> (or FALSE FALSE)                   ; 10.2.20
FALSE
FuzzyCLIPS> (or FALSE 1)                       ; 10.2.20
TRUE
FuzzyCLIPS> (or 0 FALSE)                       ; 10.2.20
TRUE
FuzzyCLIPS> (or FALSE a)                       ; 10.2.20
TRUE
FuzzyCLIPS> (or "s" FALSE)                     ; 10.2.20
TRUE
FuzzyCLIPS> (or FALSE 3.5)                     ; 10.2.20
TRUE
FuzzyCLIPS> (or TRUE FALSE)                    ; 10.2.20
TRUE
FuzzyCLIPS> (or FALSE TRUE)                    ; 10.2.20
TRUE
FuzzyCLIPS> (or (create$) FALSE)               ; 10.2.20
TRUE
FuzzyCLIPS> (or FALSE (create$ a b))           ; 10.2.20
TRUE
FuzzyCLIPS> (or FALSE FALSE TRUE)              ; 10.2.20
TRUE
FuzzyCLIPS> (not)                              ; 10.2.21
[ARGACCES1] Function 'not' expected exactly 1 argument.
FuzzyCLIPS> (not FALSE)                        ; 10.2.21
TRUE
FuzzyCLIPS> (not TRUE)                         ; 10.2.21
FALSE
FuzzyCLIPS> (not 0)                            ; 10.2.21
FALSE
FuzzyCLIPS> (not 1)                            ; 10.2.21
FALSE
FuzzyCLIPS> (not 3.5)                          ; 10.2.21
FALSE
FuzzyCLIPS> (not a)                            ; 10.2.21
FALSE
FuzzyCLIPS> (not "a")                          ; 10.2.21
FALSE
FuzzyCLIPS> (not [a])                          ; 10.2.21
FALSE
FuzzyCLIPS> (not (create$))                    ; 10.2.21
FALSE
FuzzyCLIPS> (not (create$ x y))                ; 10.2.21
FALSE
FuzzyCLIPS> (not x y)                          ; 10.2.21
[ARGACCES1] Function 'not' expected exactly 1 argument.
FuzzyCLIPS> (dribble-off)
