TRUE
FuzzyCLIPS> (batch "tmplmslt.bat")
TRUE
FuzzyCLIPS> (clear) 
FuzzyCLIPS> 
(deftemplate foo 
  (multislot a)
  (slot x)
  (multislot b)
  (slot y))
FuzzyCLIPS>   
(defrule bar 
   (foo (a $?a) (b $?b) (x ?x) (y ?y))
   =>
   (printout t ?a " " ?b " " ?x " " ?y crlf))
FuzzyCLIPS> (reset)
FuzzyCLIPS> (assert (foo))          
<Fact-1>
FuzzyCLIPS> (duplicate 1 (a) (b) (x 8))
<Fact-2>
FuzzyCLIPS> (duplicate 1 (a) (b 1) (x 8))
<Fact-3>
FuzzyCLIPS> (duplicate 1 (a 1) (b) (x 8))
<Fact-4>
FuzzyCLIPS> (duplicate 1 (a 1) (b 1) (x 8))
<Fact-5>
FuzzyCLIPS> (duplicate 1 (a 1 2) (b 3 4 5) (x 8))
<Fact-6>
FuzzyCLIPS> (facts)
f-1     (foo (a) (x nil) (b) (y nil)) CF 1.00 
f-2     (foo (a) (x 8) (b) (y nil)) CF 1.00 
f-3     (foo (a) (x 8) (b 1) (y nil)) CF 1.00 
f-4     (foo (a 1) (x 8) (b) (y nil)) CF 1.00 
f-5     (foo (a 1) (x 8) (b 1) (y nil)) CF 1.00 
f-6     (foo (a 1 2) (x 8) (b 3 4 5) (y nil)) CF 1.00 
For a total of 6 facts.
FuzzyCLIPS> (run)
(1 2) (3 4 5) 8 nil
(1) (1) 8 nil
(1) () 8 nil
() (1) 8 nil
() () 8 nil
() () nil nil
FuzzyCLIPS> (reset)
FuzzyCLIPS> (assert (foo (a) (b) (x 1) (y 2)))
<Fact-1>
FuzzyCLIPS> (duplicate 1 (a) (b) (x 8))
<Fact-2>
FuzzyCLIPS> (duplicate 1 (a) (b 1) (x 8))
<Fact-3>
FuzzyCLIPS> (duplicate 1 (a 1) (b) (x 8))
<Fact-4>
FuzzyCLIPS> (duplicate 1 (a 1) (b 1) (x 8))
<Fact-5>
FuzzyCLIPS> (duplicate 1 (a 1 2) (b 3 4 5) (x 8))
<Fact-6>
FuzzyCLIPS> (facts)
f-1     (foo (a) (x 1) (b) (y 2)) CF 1.00 
f-2     (foo (a) (x 8) (b) (y 2)) CF 1.00 
f-3     (foo (a) (x 8) (b 1) (y 2)) CF 1.00 
f-4     (foo (a 1) (x 8) (b) (y 2)) CF 1.00 
f-5     (foo (a 1) (x 8) (b 1) (y 2)) CF 1.00 
f-6     (foo (a 1 2) (x 8) (b 3 4 5) (y 2)) CF 1.00 
For a total of 6 facts.
FuzzyCLIPS> (run)
(1 2) (3 4 5) 8 2
(1) (1) 8 2
(1) () 8 2
() (1) 8 2
() () 8 2
() () 1 2
FuzzyCLIPS> (reset)
FuzzyCLIPS> (assert (foo (a 1) (b 2) (x 3) (y 4)))
<Fact-1>
FuzzyCLIPS> (duplicate 1 (a) (b) (x 8))
<Fact-2>
FuzzyCLIPS> (duplicate 1 (a) (b 1) (x 8))
<Fact-3>
FuzzyCLIPS> (duplicate 1 (a 1) (b) (x 8))
<Fact-4>
FuzzyCLIPS> (duplicate 1 (a 1) (b 1) (x 8))
<Fact-5>
FuzzyCLIPS> (duplicate 1 (a 1 2) (b 3 4 5) (x 8))
<Fact-6>
FuzzyCLIPS> (facts)
f-1     (foo (a 1) (x 3) (b 2) (y 4)) CF 1.00 
f-2     (foo (a) (x 8) (b) (y 4)) CF 1.00 
f-3     (foo (a) (x 8) (b 1) (y 4)) CF 1.00 
f-4     (foo (a 1) (x 8) (b) (y 4)) CF 1.00 
f-5     (foo (a 1) (x 8) (b 1) (y 4)) CF 1.00 
f-6     (foo (a 1 2) (x 8) (b 3 4 5) (y 4)) CF 1.00 
For a total of 6 facts.
FuzzyCLIPS> (run)
(1 2) (3 4 5) 8 4
(1) (1) 8 4
(1) () 8 4
() (1) 8 4
() () 8 4
(1) (2) 3 4
FuzzyCLIPS> (reset)
FuzzyCLIPS> (assert (foo (a 1 2) (b 3 4 5) (x 6) (y 7))) 
<Fact-1>
FuzzyCLIPS> (duplicate 1 (a) (b) (x 8))
<Fact-2>
FuzzyCLIPS> (duplicate 1 (a) (b 1) (x 8))
<Fact-3>
FuzzyCLIPS> (duplicate 1 (a 1) (b) (x 8))
<Fact-4>
FuzzyCLIPS> (duplicate 1 (a 1) (b 1) (x 8))
<Fact-5>
FuzzyCLIPS> (duplicate 1 (a 1 2) (b 3 4 5) (x 8))
<Fact-6>
FuzzyCLIPS> (facts)
f-1     (foo (a 1 2) (x 6) (b 3 4 5) (y 7)) CF 1.00 
f-2     (foo (a) (x 8) (b) (y 7)) CF 1.00 
f-3     (foo (a) (x 8) (b 1) (y 7)) CF 1.00 
f-4     (foo (a 1) (x 8) (b) (y 7)) CF 1.00 
f-5     (foo (a 1) (x 8) (b 1) (y 7)) CF 1.00 
f-6     (foo (a 1 2) (x 8) (b 3 4 5) (y 7)) CF 1.00 
For a total of 6 facts.
FuzzyCLIPS> (run)
(1 2) (3 4 5) 8 7
(1) (1) 8 7
(1) () 8 7
() (1) 8 7
() () 8 7
(1 2) (3 4 5) 6 7
FuzzyCLIPS> (reset)
FuzzyCLIPS> (watch facts)
FuzzyCLIPS> (assert (foo (a) (b) (x 1) (y 2))) 
==> f-1     (foo (a) (x 1) (b) (y 2)) CF 1.00 
<Fact-1>
FuzzyCLIPS> (modify 1 (a 1))
<== f-1     (foo (a) ...) CF 1.00 
==> f-1     (foo (a 1) ...) CF 1.00 
<Fact-1>
FuzzyCLIPS> (modify 1 (b 1))
<== f-1     (foo ... (b) ...) CF 1.00 
==> f-1     (foo ... (b 1) ...) CF 1.00 
<Fact-1>
FuzzyCLIPS> (modify 1 (a 1 2))
<== f-1     (foo (a 1) ...) CF 1.00 
==> f-1     (foo (a 1 2) ...) CF 1.00 
<Fact-1>
FuzzyCLIPS> (modify 1 (b 1 2 3))
<== f-1     (foo ... (b 1) ...) CF 1.00 
==> f-1     (foo ... (b 1 2 3) ...) CF 1.00 
<Fact-1>
FuzzyCLIPS> (modify 1 (a))
<== f-1     (foo (a 1 2) ...) CF 1.00 
==> f-1     (foo (a) ...) CF 1.00 
<Fact-1>
FuzzyCLIPS> (modify 1 (b 1))
<== f-1     (foo ... (b 1 2 3) ...) CF 1.00 
==> f-1     (foo ... (b 1) ...) CF 1.00 
<Fact-1>
FuzzyCLIPS> (modify 1 (a 1) (b 1 2))
<== f-1     (foo (a) ... (b 1) ...) CF 1.00 
==> f-1     (foo (a 1) ... (b 1 2) ...) CF 1.00 
<Fact-1>
FuzzyCLIPS> (modify 1 (a 1 2) (b))
<== f-1     (foo (a 1) ... (b 1 2) ...) CF 1.00 
==> f-1     (foo (a 1 2) ... (b) ...) CF 1.00 
<Fact-1>
FuzzyCLIPS> (modify 1 (a) (b))
<== f-1     (foo (a 1 2) ...) CF 1.00 
==> f-1     (foo (a) ...) CF 1.00 
<Fact-1>
FuzzyCLIPS> (unwatch facts)
FuzzyCLIPS> (dribble-off)
