TRUE
FuzzyCLIPS> (batch "v640fun.bat")
TRUE
FuzzyCLIPS> (clear)  ; print and println commands    
FuzzyCLIPS> (println)

FuzzyCLIPS> (print)
FuzzyCLIPS> (println "Hello World")
Hello World
FuzzyCLIPS> (print "Hello World" crlf)                   
Hello World
FuzzyCLIPS> (println a " " "b" " " [c] " " 3 " " 4.5 " " (create$ d e f))
a b [c] 3 4.5 (d e f)
FuzzyCLIPS> (dribble-off)
